// Jest Snapshot v1, https://goo.gl/fbAQLP

exports[`renders correctly 1`] = `
<div
  className="footer"
>
  <div
    className="margin-info"
  >
    <h4>
      Â© Copyright 2017 | All rights reserved
    </h4>
  </div>
</div>
`;
