// Jest Snapshot v1, https://goo.gl/fbAQLP

exports[`renders correctly 1`] = `
<div
  className="image-gallery"
>
  <form
    action={undefined}
    className="ui form"
    onSubmit={[Function]}
  >
    <br />
    <div
      className="field"
    >
      <label>
        Nombre de la imagen
      </label>
      <input
        onChange={[Function]}
        placeholder="Nombre de la imagen"
        type="text"
        value=""
      />
    </div>
    <div
      className="field"
    >
      <label>
        Imagen
      </label>
      <input
        onChange={[Function]}
        placeholder="Enlace de la imagen"
        type="url"
        value=""
      />
    </div>
    <button
      className="ui button"
      disabled={undefined}
      onClick={[Function]}
      role="button"
      tabIndex={undefined}
      type="submit"
    >
      Crear
    </button>
  </form>
  <div
    className="ReactGridGallery"
    id="ReactGridGallery"
  >
    <iframe
      style={
        Object {
          "backgroundColor": "transparent",
          "borderWidth": 0,
          "height": 0,
          "margin": 0,
          "overflow": "hidden",
          "padding": 0,
          "position": "fixed",
          "width": "100%",
        }
      }
    />
  </div>
</div>
`;
