// Jest Snapshot v1, https://goo.gl/fbAQLP

exports[`renders correctly 1`] = `
<div
  className="video-player"
>
  <div
    className="ui text fluid justified container"
  >
    En esta secci√≥n encontraras videos sobre las actividades realizadas por la MRTVS.
  </div>
  <div
    className="ui divider"
  />
  <div
    className="ui embed"
    onClick={[Function]}
  >
    <i
      aria-hidden="true"
      className="video play icon"
    />
    <img
      className="placeholder"
      src="logo.png"
    />
  </div>
</div>
`;
